declared_license:
declared_license_expression: qlogic-firmware
declared_license_expression_spdx: LicenseRef-scancode-qlogic-firmware
other_license_expression:
other_license_expression_spdx:
license_detections:
  - license_expression: qlogic-firmware
    detection_log:
      - not-combined
    matches:
      - score: '100.0'
        start_line: 7
        end_line: 34
        matched_length: 262
        match_coverage: '100.0'
        matcher: 2-aho
        license_expression: qlogic-firmware
        rule_identifier: qlogic-firmware.LICENSE
        rule_url: https://github.com/nexB/scancode-toolkit/tree/develop/src/licensedcode/data/licenses/qlogic-firmware.LICENSE
        matched_text: "Redistribution and use in binary form, without modification, for use\
          \ in conjunction\nwith QLogic authorized products is permitted provided that the following\
          \ conditions\nare met:\n1. Redistribution in binary form must reproduce the above\
          \ copyright notice, this \nlist of conditions and the following disclaimer in the documentation and/or \n\
          other materials provided with the distribution.\n2. The name of QLogic Corporation may not be used to\
          \ endorse or promote products \nderived from this software without specific prior written permission.\n\
          3. Reverse engineering, decompilation, or disassembly of this firmware is not \npermitted.\n\
          REGARDLESS OF WHAT LICENSING MECHANISM IS USED OR APPLICABLE,THIS PROGRAM IS \nPROVIDED BY QLOGIC CORPORATION \"\
          AS IS'' AND ANY EXPRESS OR IMPLIED WARRANTIES, \nINCLUDING, BUT NOT LIMITED TO, THE\
          \ IMPLIED WARRANTIES OF MERCHANTABILITY AND \nFITNESS FOR A PARTICULAR PURPOSE ARE DISCLAIMED. IN NO EVENT SHALL THE AUTHOR\n\
          BE LIABLE FOR ANY DIRECT, INDIRECT, INCIDENTAL, SPECIAL, EXEMPLARY, OR \nCONSEQUENTIAL DAMAGES (INCLUDING, BUT NOT LIMITED\
          \ TO, PROCUREMENT OF SUBSTITUTE \nGOODS OR SERVICES; LOSS OF USE,DATA, OR PROFITS; OR BUSINESS INTERRUPTION) \n\
          HOWEVER CAUSED AND ON ANY THEORY OF LIABILITY, WHETHER IN CONTRACT, STRICT \nLIABILITY,OR TORT (INCLUDING NEGLIGENCE OR OTHERWISE) ARISING IN ANY WAY\n\
          OUT OF THE USE OF THIS SOFTWARE, EVEN IF ADVISED OF THE POSSIBILITY OF SUCH DAMAGE.\n\
          USER ACKNOWLEDGES AND AGREES THAT USE OF THIS PROGRAM WILL NOT CREATE OR GIVE \nGROUNDS FOR A LICENSE BY IMPLICATION, ESTOPPEL, OR\
          \ OTHERWISE IN ANY INTELLECTUAL\nPROPERTY RIGHTS (PATENT, COPYRIGHT, TRADE SECRET, MASK WORK, OR OTHER PROPRIETARY\n\
          RIGHT) EMBODIED IN ANY OTHER QLOGIC HARDWARE OR SOFTWARE EITHER SOLELY OR IN\nCOMBINATION WITH THIS PROGRAM."
other_license_detections: []
copyright: Copyright (c) 2003-2010 QLogic Corporation QLogic Linux Intelligent Ethernet
