declared_license:
declared_license_expression: intel
declared_license_expression_spdx: LicenseRef-scancode-intel
other_license_expression:
other_license_expression_spdx:
license_detections:
  - license_expression: intel
    detection_log:
      - not-combined
    matches:
      - score: '95.0'
        start_line: 8
        end_line: 46
        matched_length: 268
        match_coverage: '100.0'
        matcher: 2-aho
        license_expression: intel
        rule_identifier: intel_2.RULE
        rule_url: https://github.com/nexB/scancode-toolkit/tree/develop/src/licensedcode/data/rules/intel_2.RULE
        matched_text: "Redistribution.  \nRedistribution and use in binary form, without modification,\
          \ are\npermitted provided that the following conditions are met:\n* Redistributions\
          \ must reproduce the above copyright notice and the\nfollowing disclaimer in the documentation\
          \ and/or other materials\nprovided with the distribution.\n* Neither the name of Intel\
          \ Corporation nor the names of its\nsuppliers may be used to endorse or promote products\
          \ derived from\nthis software without specific prior written permission.\n* No reverse\
          \ engineering, decompilation, or disassembly of this\nsoftware is permitted.\nLimited\
          \ patent license.\nIntel Corporation grants a world-wide, royalty-free, non-exclusive\n\
          license under patents it now or hereafter owns or controls to make,\nhave made, use,\
          \ import, offer to sell and sell (“Utilize”) this\nsoftware, but solely to the extent\
          \ that any such patent is necessary\nto Utilize the software alone.  The patent license\
          \ shall not apply to\nany combinations which include this software.  No hardware per\
          \ se is\nlicensed hereunder.\nDISCLAIMER.  \nTHIS SOFTWARE IS PROVIDED BY THE COPYRIGHT\
          \ HOLDERS AND CONTRIBUTORS\n\"AS IS\" AND ANY EXPRESS OR IMPLIED WARRANTIES, INCLUDING,\
          \ BUT NOT\nLIMITED TO, THE IMPLIED WARRANTIES OF MERCHANTABILITY AND FITNESS FOR\n\
          A PARTICULAR PURPOSE ARE DISCLAIMED. IN NO EVENT SHALL THE COPYRIGHT\nOWNER OR CONTRIBUTORS\
          \ BE LIABLE FOR ANY DIRECT, INDIRECT, INCIDENTAL,\nSPECIAL, EXEMPLARY, OR CONSEQUENTIAL\
          \ DAMAGES (INCLUDING, BUT NOT\nLIMITED TO, PROCUREMENT OF SUBSTITUTE GOODS OR SERVICES;\
          \ LOSS OF USE,\nDATA, OR PROFITS; OR BUSINESS INTERRUPTION) HOWEVER CAUSED AND ON\
          \ ANY\nTHEORY OF LIABILITY, WHETHER IN CONTRACT, STRICT LIABILITY, OR TORT\n(INCLUDING\
          \ NEGLIGENCE OR OTHERWISE) ARISING IN ANY WAY OUT OF THE USE\nOF THIS SOFTWARE, EVEN\
          \ IF ADVISED OF THE POSSIBILITY OF SUCH DAMAGE."
other_license_detections: []
copyright: Copyright (c) 2008, Intel Corporation
